// Jest Snapshot v1, https://goo.gl/fbAQLP

exports[`TasksList rendering renders 1`] = `
<Fragment>
  <ResourceList>
    <ResourceListHeader>
      <ResourceListSorter
        name="Name"
        onClick={[Function]}
        sort="none"
        sortKey="name"
      />
      <ResourceListSorter
        name="Owner"
        onClick={[Function]}
        sort="none"
        sortKey="organization.name"
      />
      <ResourceListSorter
        name="Active"
        onClick={[Function]}
        sort="none"
        sortKey="status"
      />
      <ResourceListSorter
        name="Schedule"
        onClick={[Function]}
        sort="none"
        sortKey="every"
      />
      <ResourceListSorter
        name="Last Completed"
        onClick={[Function]}
        sort="none"
        sortKey="latestCompleted"
      />
    </ResourceListHeader>
    <ResourceListBody
      emptyState={
        <EmptyTasksLists
          onCreate={[Function]}
          searchTerm=""
        />
      }
    >
      <SortingHat
        direction="desc"
        list={
          Array [
            Object {
              "cron": "2 0 * * *",
              "flux": "option task = {
  name: \\"pasdlak\\",
  cron: \\"2 0 * * *\\"
}
from(bucket: \\"inbucket\\") 
|> range(start: -1h)",
              "id": "02ef9deff2141000",
              "labels": Array [],
              "name": "pasdlak",
              "orgID": "02ee9e2a29d73000",
              "organization": Object {
                "id": "02ee9e2a29d73000",
                "links": Object {
                  "buckets": "/api/v2/buckets?org=RadicalOrganization",
                  "dashboards": "/api/v2/dashboards?org=RadicalOrganization",
                  "self": "/api/v2/orgs/02ee9e2a29d73000",
                  "tasks": "/api/v2/tasks?org=RadicalOrganization",
                },
                "name": "RadicalOrganization",
              },
              "status": "active",
            },
            Object {
              "every": "1m0s",
              "flux": "option task = {
  name: \\"somename\\",
  every: 1m,
}
from(bucket: \\"inbucket\\") 
|> range(start: -task.every)",
              "id": "02f12c50dba72000",
              "labels": Array [
                Object {
                  "id": "0001",
                  "name": "Trogdor",
                  "properties": Object {
                    "color": "#44ffcc",
                    "description": "Burninating the countryside",
                  },
                },
                Object {
                  "id": "0002",
                  "name": "Strawberry",
                  "properties": Object {
                    "color": "#ff0054",
                    "description": "It is a great fruit",
                  },
                },
              ],
              "name": "somename",
              "orgID": "02ee9e2a29d73000",
              "organization": Object {
                "id": "02ee9e2a29d73000",
                "links": Object {
                  "buckets": "/api/v2/buckets?org=RadicalOrganization",
                  "dashboards": "/api/v2/dashboards?org=RadicalOrganization",
                  "self": "/api/v2/orgs/02ee9e2a29d73000",
                  "tasks": "/api/v2/tasks?org=RadicalOrganization",
                },
                "name": "RadicalOrganization",
              },
              "status": "active",
            },
          ]
        }
        sortKey={null}
      >
        <Component />
      </SortingHat>
    </ResourceListBody>
  </ResourceList>
  <OverlayTechnology
    visible={false}
  >
    <EditLabelsOverlay
      onDismissOverlay={[Function]}
      resource={null}
    />
  </OverlayTechnology>
</Fragment>
`;
