// Jest Snapshot v1, https://goo.gl/fbAQLP

exports[`Account rendering renders! 1`] = `
<ViewTokenOverlay
  auth={
    Object {
      "description": "im a token",
      "id": "030444b11fb10000",
      "links": Object {
        "self": "/api/v2/authorizations/030444b11fb10000",
        "user": "/api/v2/users/030444b10a710000",
      },
      "orgID": "030444b10a713000",
      "permissions": Array [
        Object {
          "action": "write",
          "resource": Object {
            "type": "orgs",
          },
        },
        Object {
          "action": "write",
          "resource": Object {
            "type": "buckets",
          },
        },
      ],
      "status": "active",
      "token": "ohEmfY80A9UsW_cicNXgOMIPIsUvU6K9YcpTfCPQE3NV8Y6nTsCwVghczATBPyQh96CoZkOW5DIKldya6Y84KA==",
      "user": "watts",
      "userID": "030444b10a710000",
    }
  }
>
  <OverlayContainer
    maxWidth={800}
  >
    <div
      className="overlay--container"
      data-testid="overlay--container"
      style={
        Object {
          "maxWidth": "800px",
        }
      }
    >
      <OverlayHeading
        onDismiss={[Function]}
        title="im a token"
      >
        <div
          className="overlay--heading"
        >
          <div
            className="overlay--title"
          >
            im a token
          </div>
          <button
            className="overlay--dismiss"
            onClick={[Function]}
          />
        </div>
      </OverlayHeading>
      <OverlayBody>
        <div
          className="overlay--body"
        >
          <CodeSnippet
            copyText="ohEmfY80A9UsW_cicNXgOMIPIsUvU6K9YcpTfCPQE3NV8Y6nTsCwVghczATBPyQh96CoZkOW5DIKldya6Y84KA=="
            label="Code Snippet"
          >
            <div
              className="code-snippet"
            >
              <FancyScrollbar
                autoHeight={true}
                autoHide={false}
                className="code-snippet--scroll"
                hideTracksWhenNotNeeded={true}
                maxHeight={400}
                setScrollTop={[Function]}
                style={Object {}}
              >
                <Scrollbars
                  autoHeight={true}
                  autoHeightMax={400}
                  autoHeightMin={0}
                  autoHide={false}
                  autoHideDuration={250}
                  autoHideTimeout={1000}
                  className="fancy-scroll--container code-snippet--scroll"
                  hideTracksWhenNotNeeded={true}
                  onScroll={[Function]}
                  style={Object {}}
                  tagName="div"
                  thumbMinSize={30}
                  thumbStartColor="#22ADF6"
                  thumbStopColor="#9394FF"
                  universal={false}
                >
                  <div
                    className="fancy-scroll--container code-snippet--scroll"
                    style={
                      Object {
                        "height": "auto",
                        "maxHeight": 400,
                        "minHeight": 0,
                        "overflow": "hidden",
                        "position": "relative",
                        "width": "100%",
                      }
                    }
                  >
                    <div
                      className="fancy-scroll--view"
                      key="view"
                      style={
                        Object {
                          "WebkitOverflowScrolling": "touch",
                          "bottom": undefined,
                          "left": undefined,
                          "marginBottom": 0,
                          "marginRight": 0,
                          "maxHeight": 415,
                          "minHeight": 15,
                          "overflow": "scroll",
                          "position": "relative",
                          "right": undefined,
                          "top": undefined,
                        }
                      }
                    >
                      <div
                        className="code-snippet--text"
                      >
                        <pre>
                          <code>
                            ohEmfY80A9UsW_cicNXgOMIPIsUvU6K9YcpTfCPQE3NV8Y6nTsCwVghczATBPyQh96CoZkOW5DIKldya6Y84KA==
                          </code>
                        </pre>
                      </div>
                    </div>
                    <div
                      className="fancy-scroll--track-h"
                      key="trackHorizontal"
                      style={
                        Object {
                          "bottom": "0",
                          "cursor": "pointer",
                          "height": "12px",
                          "left": "0",
                          "padding": "3px",
                          "position": "absolute",
                          "width": "100%",
                        }
                      }
                    >
                      <div
                        className="fancy-scroll--thumb-h"
                        style={
                          Object {
                            "background": "linear-gradient(to right, #22ADF6 0%, #9394FF 100%)",
                            "borderRadius": "3px",
                            "display": "block",
                            "height": "6px",
                            "position": "relative",
                          }
                        }
                      />
                    </div>
                    <div
                      className="fancy-scroll--track-v"
                      key="trackVertical"
                      style={
                        Object {
                          "cursor": "pointer",
                          "height": "100%",
                          "padding": "3px",
                          "position": "absolute",
                          "right": "0",
                          "top": "0",
                          "width": "12px",
                        }
                      }
                    >
                      <div
                        className="fancy-scroll--thumb-v"
                        style={
                          Object {
                            "background": "linear-gradient(to bottom, #22ADF6 0%, #9394FF 100%)",
                            "borderRadius": "3px",
                            "display": "block",
                            "position": "relative",
                            "width": "6px",
                          }
                        }
                      />
                    </div>
                  </div>
                </Scrollbars>
              </FancyScrollbar>
              <div
                className="code-snippet--footer"
              >
                <CopyToClipboard
                  onCopy={[Function]}
                  text="ohEmfY80A9UsW_cicNXgOMIPIsUvU6K9YcpTfCPQE3NV8Y6nTsCwVghczATBPyQh96CoZkOW5DIKldya6Y84KA=="
                >
                  <t
                    active={false}
                    color="secondary"
                    onClick={[Function]}
                    shape="none"
                    size="xs"
                    status="default"
                    testID="button"
                    text="Copy to Clipboard"
                    titleText="Copy to Clipboard"
                    type="button"
                  >
                    <button
                      className="button button-xs button-secondary"
                      data-testid="button"
                      disabled={false}
                      onClick={[Function]}
                      tabIndex={0}
                      title="Copy to Clipboard"
                      type="button"
                    >
                      Copy to Clipboard
                    </button>
                  </t>
                </CopyToClipboard>
                <label
                  className="code-snippet--label"
                >
                  Code Snippet
                </label>
              </div>
            </div>
          </CodeSnippet>
          <PermissionsWidget
            heightPixels={500}
            mode="read"
          >
            <div
              className="permissions-widget"
              style={
                Object {
                  "height": "500px",
                }
              }
            >
              <div
                className="permissions-widget--header"
              >
                Summary of access permissions
              </div>
              <div
                className="permissions-widget--body"
              >
                <FancyScrollbar
                  autoHeight={false}
                  autoHide={false}
                  hideTracksWhenNotNeeded={true}
                  maxHeight={null}
                  setScrollTop={[Function]}
                  style={Object {}}
                >
                  <Scrollbars
                    autoHeight={false}
                    autoHeightMax={null}
                    autoHeightMin={0}
                    autoHide={false}
                    autoHideDuration={250}
                    autoHideTimeout={1000}
                    className="fancy-scroll--container"
                    hideTracksWhenNotNeeded={true}
                    onScroll={[Function]}
                    style={Object {}}
                    tagName="div"
                    thumbMinSize={30}
                    thumbStartColor="#22ADF6"
                    thumbStopColor="#9394FF"
                    universal={false}
                  >
                    <div
                      className="fancy-scroll--container"
                      style={
                        Object {
                          "height": "100%",
                          "overflow": "hidden",
                          "position": "relative",
                          "width": "100%",
                        }
                      }
                    >
                      <div
                        className="fancy-scroll--view"
                        key="view"
                        style={
                          Object {
                            "WebkitOverflowScrolling": "touch",
                            "bottom": 0,
                            "left": 0,
                            "marginBottom": 0,
                            "marginRight": 0,
                            "overflow": "scroll",
                            "position": "absolute",
                            "right": 0,
                            "top": 0,
                          }
                        }
                      >
                        <PermissionsWidgetSection
                          id="orgs"
                          key=".$0"
                          mode="read"
                          title="orgs:*"
                        >
                          <section
                            className="permissions-widget--section"
                          >
                            <header
                              className="permissions-widget--section-heading"
                            >
                              <h3
                                className="permissions-widget--section-title"
                              >
                                orgs:*
                              </h3>
                            </header>
                            <ul
                              className="permissions-widget--section-list"
                            >
                              <PermissionsWidgetItem
                                id="orgs-read-orgs-orgs"
                                key=".$0"
                                label="read"
                                mode="read"
                                selected="unselected"
                              >
                                <li
                                  className="permissions-widget--item unselected"
                                  onClick={[Function]}
                                >
                                  <div
                                    className="permissions-widget--icon"
                                  >
                                    <span
                                      className="icon remove"
                                    />
                                  </div>
                                  <label
                                    className="permissions-widget--item-label"
                                  >
                                    read
                                  </label>
                                </li>
                              </PermissionsWidgetItem>
                              <PermissionsWidgetItem
                                id="orgs-write-orgs-orgs"
                                key=".$1"
                                label="write"
                                mode="read"
                                selected="unselected"
                              >
                                <li
                                  className="permissions-widget--item unselected"
                                  onClick={[Function]}
                                >
                                  <div
                                    className="permissions-widget--icon"
                                  >
                                    <span
                                      className="icon remove"
                                    />
                                  </div>
                                  <label
                                    className="permissions-widget--item-label"
                                  >
                                    write
                                  </label>
                                </li>
                              </PermissionsWidgetItem>
                            </ul>
                          </section>
                        </PermissionsWidgetSection>
                        <PermissionsWidgetSection
                          id="buckets"
                          key=".$1"
                          mode="read"
                          title="buckets:*"
                        >
                          <section
                            className="permissions-widget--section"
                          >
                            <header
                              className="permissions-widget--section-heading"
                            >
                              <h3
                                className="permissions-widget--section-title"
                              >
                                buckets:*
                              </h3>
                            </header>
                            <ul
                              className="permissions-widget--section-list"
                            >
                              <PermissionsWidgetItem
                                id="buckets-read-buckets-buckets"
                                key=".$0"
                                label="read"
                                mode="read"
                                selected="unselected"
                              >
                                <li
                                  className="permissions-widget--item unselected"
                                  onClick={[Function]}
                                >
                                  <div
                                    className="permissions-widget--icon"
                                  >
                                    <span
                                      className="icon remove"
                                    />
                                  </div>
                                  <label
                                    className="permissions-widget--item-label"
                                  >
                                    read
                                  </label>
                                </li>
                              </PermissionsWidgetItem>
                              <PermissionsWidgetItem
                                id="buckets-write-buckets-buckets"
                                key=".$1"
                                label="write"
                                mode="read"
                                selected="unselected"
                              >
                                <li
                                  className="permissions-widget--item unselected"
                                  onClick={[Function]}
                                >
                                  <div
                                    className="permissions-widget--icon"
                                  >
                                    <span
                                      className="icon remove"
                                    />
                                  </div>
                                  <label
                                    className="permissions-widget--item-label"
                                  >
                                    write
                                  </label>
                                </li>
                              </PermissionsWidgetItem>
                            </ul>
                          </section>
                        </PermissionsWidgetSection>
                      </div>
                      <div
                        className="fancy-scroll--track-h"
                        key="trackHorizontal"
                        style={
                          Object {
                            "bottom": "0",
                            "cursor": "pointer",
                            "height": "12px",
                            "left": "0",
                            "padding": "3px",
                            "position": "absolute",
                            "width": "100%",
                          }
                        }
                      >
                        <div
                          className="fancy-scroll--thumb-h"
                          style={
                            Object {
                              "background": "linear-gradient(to right, #22ADF6 0%, #9394FF 100%)",
                              "borderRadius": "3px",
                              "display": "block",
                              "height": "6px",
                              "position": "relative",
                            }
                          }
                        />
                      </div>
                      <div
                        className="fancy-scroll--track-v"
                        key="trackVertical"
                        style={
                          Object {
                            "cursor": "pointer",
                            "height": "100%",
                            "padding": "3px",
                            "position": "absolute",
                            "right": "0",
                            "top": "0",
                            "width": "12px",
                          }
                        }
                      >
                        <div
                          className="fancy-scroll--thumb-v"
                          style={
                            Object {
                              "background": "linear-gradient(to bottom, #22ADF6 0%, #9394FF 100%)",
                              "borderRadius": "3px",
                              "display": "block",
                              "position": "relative",
                              "width": "6px",
                            }
                          }
                        />
                      </div>
                    </div>
                  </Scrollbars>
                </FancyScrollbar>
              </div>
            </div>
          </PermissionsWidget>
        </div>
      </OverlayBody>
    </div>
  </OverlayContainer>
</ViewTokenOverlay>
`;
