// Jest Snapshot v1, https://goo.gl/fbAQLP

exports[`MemberList rendering renders 1`] = `
<IndexList>
  <IndexListHeader>
    <IndexListHeaderCell
      alignment="left"
      columnName="Username"
      width="25%"
    />
    <IndexListHeaderCell
      alignment="left"
      columnName="Role"
      width="25%"
    />
    <IndexListHeaderCell
      alignment="left"
      columnName=""
      width="50%"
    />
  </IndexListHeader>
  <IndexListBody
    columnCount={3}
    emptyState={<React.Fragment />}
  >
    <IndexListRow
      disabled={false}
      key="1"
      testID="table-row"
    >
      <IndexListRowCell
        alignment="left"
        revealOnHover={false}
        testID="table-cell"
      >
        John
      </IndexListRowCell>
      <IndexListRowCell
        alignment="left"
        revealOnHover={false}
        testID="table-cell"
      >
        owner
      </IndexListRowCell>
      <IndexListRowCell
        alignment="left"
        revealOnHover={false}
        testID="table-cell"
      />
    </IndexListRow>
    <IndexListRow
      disabled={false}
      key="2"
      testID="table-row"
    >
      <IndexListRowCell
        alignment="left"
        revealOnHover={false}
        testID="table-cell"
      >
        Jane
      </IndexListRowCell>
      <IndexListRowCell
        alignment="left"
        revealOnHover={false}
        testID="table-cell"
      >
        owner
      </IndexListRowCell>
      <IndexListRowCell
        alignment="left"
        revealOnHover={false}
        testID="table-cell"
      />
    </IndexListRow>
    <IndexListRow
      disabled={false}
      key="3"
      testID="table-row"
    >
      <IndexListRowCell
        alignment="left"
        revealOnHover={false}
        testID="table-cell"
      >
        Smith
      </IndexListRowCell>
      <IndexListRowCell
        alignment="left"
        revealOnHover={false}
        testID="table-cell"
      >
        owner
      </IndexListRowCell>
      <IndexListRowCell
        alignment="left"
        revealOnHover={false}
        testID="table-cell"
      />
    </IndexListRow>
  </IndexListBody>
</IndexList>
`;
